// Jest Snapshot v1, https://goo.gl/fbAQLP

exports[`Join should match the snapshot 1`] = `
<body>
  <div>
    <div
      class="makeStyles-container-1"
    >
      <h3>
        Loading
      </h3>
      <img
        alt="Loading"
        id="imgLoading"
        src="EDLoader1.svg"
        width="300"
      />
    </div>
  </div>
</body>
`;
